{
	"data": null,
	"jsonapi": {
		"version": "1.0"
	},
	"links": {
		"self": "https://example.org/fake/path",
		"foo": {
			"href": "https://example.org/bar",
			"meta": {
				"last_accessed": "5 minutes ago"
			}
		},
		"bar": "https://example.org/baz"
	}
}