{
	"data": {
		"attributes": {
			"strarrptr": [
				"foo",
				"bar",
				"baz"
			],
			"int8arrptr": [
				-100,
				-50,
				0,
				50,
				100
			],
			"int32arrptr": null,
			"uint8arrptr": null,
			"boolarrptr": [
				true,
				false,
				true,
				true
			],
			"int16arrptr": null
		},
		"id": "id1",
		"links": {
			"self": "/mocktype5/id1"
		},

		"type": "mocktype5"
	},
	"jsonapi": {
		"version": "1.0"
	},
	"links": {
		"self": "/fake/path?fields%5Bmocktype5%5D=boolarrptr%2Cint16arrptr%2Cint32arrptr%2Cint8arrptr%2Cstrarrptr%2Cuint8arrptr"
	}
}