{
	"data": {
		"attributes": {
			"obj": {
				"prop1": "foo",
				"prop2": "bar",
				"prop3": "baz"
			},
			"objarr": [
				{
					"prop1": "a",
					"prop2": "b",
					"prop3": "c"
				},
				{
					"prop1": "d",
					"prop2": "e",
					"prop3": "f"
				}
			],
			"objptr": null
		},
		"id": "id1",
		"links": {
			"self": "/objtest/id1"
		},

		"type": "objtest"
	},
	"jsonapi": {
		"version": "1.0"
	},
	"links": {
		"self": "/fake/path?fields%5Bobjtest%5D=obj%2Cobjarr%2Cobjptr%2Cobjptrarr"
	}
}